
> virelo-backend@1.0.0 dev
> ts-node src/server.ts

node.exe : D:\Animation-Project\Virelo-Backend\node_mo
dules\ts-node\src\index.ts:859
At line:1 char:1
+ & "C:\Program Files\nodejs/node.exe" "C:\Program 
Files\nodejs/node_mo ...
+ ~~~~~~~~~~~~~~~~~~~~~~~~~~~~~~~~~~~~~~~~~~~~~~~~~~~~
~~~~~~~~~~~~~~~~~
    + CategoryInfo          : NotSpecified: (D:\Anima 
   tion-Pr...rc\index.ts:859:String) [], RemoteExcep  
  tion
    + FullyQualifiedErrorId : NativeCommandError
 
    return new TSError(diagnosticText, 
diagnosticCodes, diagnostics);
           ^
TSError: Γ¿» Unable to compile TypeScript:
src/lib/astra.ts(18,46): error TS2322: Type 'string' 
is not assignable to type '"ERROR: The `namespace` 
terminology has been removed, and replaced with 
`keyspace` throughout the client"'.

    at createTSError (D:\Animation-Project\Virelo-Back
end\node_modules\ts-node\src\index.ts:859:12)
    at reportTSError (D:\Animation-Project\Virelo-Back
end\node_modules\ts-node\src\index.ts:863:19)
    at getOutput (D:\Animation-Project\Virelo-Backend\
node_modules\ts-node\src\index.ts:1077:36)
    at Object.compile (D:\Animation-Project\Virelo-Bac
kend\node_modules\ts-node\src\index.ts:1433:41)
    at Module.m._compile (D:\Animation-Project\Virelo-
Backend\node_modules\ts-node\src\index.ts:1617:30)
    at node:internal/modules/cjs/loader:1893:10
    at Object.require.extensions.<computed> [as .ts] (
D:\Animation-Project\Virelo-Backend\node_modules\ts-no
de\src\index.ts:1621:12)
    at Module.load 
(node:internal/modules/cjs/loader:1481:32)
    at Module._load 
(node:internal/modules/cjs/loader:1300:12)
    at TracingChannel.traceSync 
(node:diagnostics_channel:328:14) {
  diagnosticCodes: [ 2322 ]
}
